
> mo-storybook@0.1.0 build-storybook
> storybook build --output-dir=/private/var/folders/0h/33h_hgcx6glflkfz5ls1t6tr0000gn/T/chromatic--97453-0oWp6JFcybKf

[1m@storybook/core v8.6.18
[22m
info => Cleaning outputDir: [36m../../../private/var/folders/0h/33h_hgcx6glflkfz5ls1t6tr0000gn/T/chromatic--97453-0oWp6JFcybKf[39m
info => Loading presets
info => Building manager..
info => Manager built ([38;2;181;126;229m62 ms[39m)
info => Building preview..
[36mvite v6.4.2 [32mbuilding for production...[36m[39m
transforming...
[32m✓[39m 103 modules transformed.
rendering chunks...
computing gzip size...
[2m../../../private/var/folders/0h/33h_hgcx6glflkfz5ls1t6tr0000gn/T/chromatic--97453-0oWp6JFcybKf/[22m[32miframe.html                               [39m[1m[2m   17.56 kB[22m[1m[22m[2m │ gzip:   4.98 kB[22m
[2m../../../private/var/folders/0h/33h_hgcx6glflkfz5ls1t6tr0000gn/T/chromatic--97453-0oWp6JFcybKf/[22m[2massets/[22m[35mButton-DULEcFeU.css                [39m[1m[2m    0.79 kB[22m[1m[22m[2m │ gzip:   0.36 kB[22m
[2m../../../private/var/folders/0h/33h_hgcx6glflkfz5ls1t6tr0000gn/T/chromatic--97453-0oWp6JFcybKf/[22m[2massets/[22m[35mFooter-CwJFVnt4.css                [39m[1m[2m    1.02 kB[22m[1m[22m[2m │ gzip:   0.46 kB[22m
[2m../../../private/var/folders/0h/33h_hgcx6glflkfz5ls1t6tr0000gn/T/chromatic--97453-0oWp6JFcybKf/[22m[2massets/[22m[35mHeader-2hiEMzyY.css                [39m[1m[2m    1.04 kB[22m[1m[22m[2m │ gzip:   0.42 kB[22m
[2m../../../private/var/folders/0h/33h_hgcx6glflkfz5ls1t6tr0000gn/T/chromatic--97453-0oWp6JFcybKf/[22m[2massets/[22m[36mpreview-CIRcjyVj.js                [39m[1m[2m    0.11 kB[22m[1m[22m[2m │ gzip:   0.11 kB[22m
[2m../../../private/var/folders/0h/33h_hgcx6glflkfz5ls1t6tr0000gn/T/chromatic--97453-0oWp6JFcybKf/[22m[2massets/[22m[36mpreview-CvbIS5ZJ.js                [39m[1m[2m    0.18 kB[22m[1m[22m[2m │ gzip:   0.16 kB[22m
[2m../../../private/var/folders/0h/33h_hgcx6glflkfz5ls1t6tr0000gn/T/chromatic--97453-0oWp6JFcybKf/[22m[2massets/[22m[36mindex-CJWNNyOa.js                  [39m[1m[2m    0.52 kB[22m[1m[22m[2m │ gzip:   0.33 kB[22m
[2m../../../private/var/folders/0h/33h_hgcx6glflkfz5ls1t6tr0000gn/T/chromatic--97453-0oWp6JFcybKf/[22m[2massets/[22m[36mpreview-DHQbi4pV.js                [39m[1m[2m    0.61 kB[22m[1m[22m[2m │ gzip:   0.42 kB[22m
[2m../../../private/var/folders/0h/33h_hgcx6glflkfz5ls1t6tr0000gn/T/chromatic--97453-0oWp6JFcybKf/[22m[2massets/[22m[36mpreview-DGUiP6tS.js                [39m[1m[2m    0.71 kB[22m[1m[22m[2m │ gzip:   0.50 kB[22m
[2m../../../private/var/folders/0h/33h_hgcx6glflkfz5ls1t6tr0000gn/T/chromatic--97453-0oWp6JFcybKf/[22m[2massets/[22m[36mindex-DrFu-skq.js                  [39m[1m[2m    0.77 kB[22m[1m[22m[2m │ gzip:   0.47 kB[22m
[2m../../../private/var/folders/0h/33h_hgcx6glflkfz5ls1t6tr0000gn/T/chromatic--97453-0oWp6JFcybKf/[22m[2massets/[22m[36mpreview-Bawo5Jny.js                [39m[1m[2m    0.79 kB[22m[1m[22m[2m │ gzip:   0.51 kB[22m
[2m../../../private/var/folders/0h/33h_hgcx6glflkfz5ls1t6tr0000gn/T/chromatic--97453-0oWp6JFcybKf/[22m[2massets/[22m[36mentry-preview-docs-BzLNa-xa.js     [39m[1m[2m    0.85 kB[22m[1m[22m[2m │ gzip:   0.52 kB[22m
[2m../../../private/var/folders/0h/33h_hgcx6glflkfz5ls1t6tr0000gn/T/chromatic--97453-0oWp6JFcybKf/[22m[2massets/[22m[36mentry-preview-DImpdu69.js          [39m[1m[2m    1.38 kB[22m[1m[22m[2m │ gzip:   0.82 kB[22m
[2m../../../private/var/folders/0h/33h_hgcx6glflkfz5ls1t6tr0000gn/T/chromatic--97453-0oWp6JFcybKf/[22m[2massets/[22m[36mButton.stories-D1dhzu7p.js         [39m[1m[2m    2.67 kB[22m[1m[22m[2m │ gzip:   0.81 kB[22m
[2m../../../private/var/folders/0h/33h_hgcx6glflkfz5ls1t6tr0000gn/T/chromatic--97453-0oWp6JFcybKf/[22m[2massets/[22m[36mpreview-DD_OYowb.js                [39m[1m[2m    3.51 kB[22m[1m[22m[2m │ gzip:   1.69 kB[22m
[2m../../../private/var/folders/0h/33h_hgcx6glflkfz5ls1t6tr0000gn/T/chromatic--97453-0oWp6JFcybKf/[22m[2massets/[22m[36mpreview-B8lJiyuQ.js                [39m[1m[2m    5.06 kB[22m[1m[22m[2m │ gzip:   1.88 kB[22m
[2m../../../private/var/folders/0h/33h_hgcx6glflkfz5ls1t6tr0000gn/T/chromatic--97453-0oWp6JFcybKf/[22m[2massets/[22m[36mpreview-BWzBA1C2.js                [39m[1m[2m    7.62 kB[22m[1m[22m[2m │ gzip:   1.56 kB[22m
[2m../../../private/var/folders/0h/33h_hgcx6glflkfz5ls1t6tr0000gn/T/chromatic--97453-0oWp6JFcybKf/[22m[2massets/[22m[36mpreview-BBWR9nbA.js                [39m[1m[2m    8.12 kB[22m[1m[22m[2m │ gzip:   3.10 kB[22m
[2m../../../private/var/folders/0h/33h_hgcx6glflkfz5ls1t6tr0000gn/T/chromatic--97453-0oWp6JFcybKf/[22m[2massets/[22m[36mHeader.stories-CXH7tKhC.js         [39m[1m[2m    8.59 kB[22m[1m[22m[2m │ gzip:   3.67 kB[22m
[2m../../../private/var/folders/0h/33h_hgcx6glflkfz5ls1t6tr0000gn/T/chromatic--97453-0oWp6JFcybKf/[22m[2massets/[22m[36mFooter.stories-Pmrzk18v.js         [39m[1m[2m   10.88 kB[22m[1m[22m[2m │ gzip:   4.26 kB[22m
[2m../../../private/var/folders/0h/33h_hgcx6glflkfz5ls1t6tr0000gn/T/chromatic--97453-0oWp6JFcybKf/[22m[2massets/[22m[36mColor-YHDXOIA2-0iMWtTtR.js         [39m[1m[2m   29.22 kB[22m[1m[22m[2m │ gzip:  11.00 kB[22m
[2m../../../private/var/folders/0h/33h_hgcx6glflkfz5ls1t6tr0000gn/T/chromatic--97453-0oWp6JFcybKf/[22m[2massets/[22m[36mindex-C__6K5js.js                  [39m[1m[2m   52.57 kB[22m[1m[22m[2m │ gzip:  14.96 kB[22m
[2m../../../private/var/folders/0h/33h_hgcx6glflkfz5ls1t6tr0000gn/T/chromatic--97453-0oWp6JFcybKf/[22m[2massets/[22m[36miframe-CN6_oTub.js                 [39m[1m[2m  211.89 kB[22m[1m[22m[2m │ gzip:  71.65 kB[22m
[2m../../../private/var/folders/0h/33h_hgcx6glflkfz5ls1t6tr0000gn/T/chromatic--97453-0oWp6JFcybKf/[22m[2massets/[22m[36mDocsRenderer-CFRXHY34-BnCqwWbq.js  [39m[1m[33m1,084.32 kB[39m[22m[2m │ gzip: 338.30 kB[22m
[32m✓ built in 1.39s[39m
info => Preview built ([38;2;181;126;229m1.79 s[39m)
info => Output directory: /private/var/folders/0h/33h_hgcx6glflkfz5ls1t6tr0000gn/T/chromatic--97453-0oWp6JFcybKf
